// Jest Snapshot v1, https://goo.gl/fbAQLP

exports[`<FiltersRibbon /> Should render a FiltersRibbon component 1`] = `
<div>
  <div
    style="line-height: 18px; margin-top: 1px;"
  >
    Searching in 
    Product
    <strong>
       
    </strong>
    <strong>
      Product A
    </strong>
    <span>
        and  
    </span>
    Component
     
    <strong>
      comp-a
    </strong>
    <strong>
       
    </strong>
    <button
      class="clear-filters"
      id="clear-filters"
      title="Clear filters"
    >
      <i
        aria-hidden="true"
        class="ts-icon root-162"
        data-icon-name="Close"
      />
      <span>
        Clear filters
      </span>
    </button>
  </div>
</div>
`;
