// Jest Snapshot v1, https://goo.gl/fbAQLP

exports[`<Header /> Should render a Header component with the navigation buttons 1`] = `
<div>
  <div
    class="guided-answer__header"
    style="padding-bottom: 0px;"
  >
    <div
      class="ms-FocusZone css-115 guided-answer__header"
      data-focuszone-id="FocusZone9"
    >
      <div
        class="guided-answer__header__allAnswersButton"
      >
        <button
          class="guided-answer__header__navButtons home-icon"
          id="all-answers-button"
          tabindex="0"
          title="Home"
        >
          <svg
            class="guided-answer__header__navButtons__content"
            fill="currentColor"
            focusable="false"
            height="1em"
            stroke="currentColor"
            stroke-width="0"
            viewBox="0 0 16 16"
            width="1em"
            xmlns="http://www.w3.org/2000/svg"
          >
            <path
              clip-rule="evenodd"
              d="M8.36 1.37l6.36 5.8-.71.71L13 6.964v6.526l-.5.5h-3l-.5-.5v-3.5H7v3.5l-.5.5h-3l-.5-.5V6.972L2 7.88l-.71-.71 6.35-5.8h.72zM4 6.063v6.927h2v-3.5l.5-.5h3l.5.5v3.5h2V6.057L8 2.43 4 6.063z"
              fill-rule="evenodd"
            />
          </svg>
           
          <span
            class="guided-answer__header__navButtons__content__text text-underline"
          >
            Home
          </span>
        </button>
      </div>
      <div
        class="guided-answer__header__back-restart-buttons"
      >
        <button
          class="guided-answer__header__navButtons"
          id="back-button"
          tabindex="-1"
          title="Step back"
        >
          <svg
            class="guided-answer__header__navButtons__content"
            fill="currentColor"
            focusable="false"
            height="1em"
            stroke="currentColor"
            stroke-width="0"
            viewBox="0 0 16 16"
            width="1em"
            xmlns="http://www.w3.org/2000/svg"
          >
            <path
              clip-rule="evenodd"
              d="M7 3.093l-5 5V8.8l5 5 .707-.707-4.146-4.147H14v-1H3.56L7.708 3.8 7 3.093z"
              fill-rule="evenodd"
            />
          </svg>
          <span
            class="guided-answer__header__navButtons__content text-underline"
            style="margin-left: 3px;"
          >
            Step back
          </span>
        </button>
        <div
          class="guided-answer__header__restart-feedback-buttons"
        >
          <button
            class="guided-answer__header__navButtons"
            id="restart-button"
            tabindex="-1"
            title="Restart"
          >
            <svg
              class="guided-answer__header__navButtons__content"
              fill="currentColor"
              focusable="false"
              height="1em"
              stroke="currentColor"
              stroke-width="0"
              viewBox="0 0 16 16"
              width="1em"
              xmlns="http://www.w3.org/2000/svg"
            >
              <path
                clip-rule="evenodd"
                d="M4.681 3H2V2h3.5l.5.5V6H5V4a5 5 0 1 0 4.53-.761l.302-.954A6 6 0 1 1 4.681 3z"
                fill-rule="evenodd"
              />
            </svg>
            <span
              class="guided-answer__header__navButtons__content text-underline"
              style="margin-left: 3px;"
            >
              Restart
            </span>
          </button>
          <div
            class="guided-answer__header__divider"
          />
          <button
            class="guided-answer__header__navButtons"
            tabindex="-1"
            title="Feedback"
          >
            <i
              aria-hidden="true"
              class="ts-icon guided-answer__header__navButtons__content root-105"
              data-icon-name="ChatBubbles"
              style="padding-top: 2px;"
            />
          </button>
        </div>
      </div>
    </div>
  </div>
</div>
`;

exports[`<Header /> Should render a Header component without the navigation buttons 1`] = `
<div>
  <div
    class="guided-answer__header"
    style="padding-bottom: 20px;"
  >
    <div
      class="guided-answer__header__sub"
    >
      <div
        class="guided-answer__header__logoAndTitle"
      >
        <span
          id="sap-logo"
        >
          <svg />
        </span>
        <h1
          class="guided-answer__header__title"
        >
          Guided Answers
        </h1>
      </div>
      <div
        class="guided-answer__header__searchField"
      >
        <div
          class="ms-SearchBox tree-search-field root-109"
        >
          <div
            aria-hidden="true"
            class="ms-SearchBox-iconContainer iconContainer-110"
          >
            <i
              aria-hidden="true"
              class="ms-SearchBox-icon icon-114"
              data-icon-name="Search"
            />
          </div>
          <input
            class="ms-SearchBox-field field-113"
            id="search-field"
            placeholder="Search Guided Answers"
            role="searchbox"
            value=""
          />
        </div>
        <div
          id="filters"
        >
          <div
            class="ms-FocusZone css-115"
            data-focuszone-id="FocusZone0"
            style="display: flex;"
          >
            <button
              aria-disabled="true"
              class="ms-Button ms-Button--icon is-disabled filter-button filter-button-selected root-116"
              data-is-focusable="false"
              disabled=""
              id="filter-products"
              tabindex="-1"
              title="Filter Products"
              type="button"
            >
              <span
                class="ms-Button-flexContainer flexContainer-117"
                data-automationid="splitbuttonprimary"
              >
                <i
                  aria-hidden="true"
                  class="ms-Icon root-105 ms-Button-icon icon-119"
                  data-icon-name="Table"
                />
              </span>
            </button>
            <button
              aria-disabled="true"
              class="ms-Button ms-Button--icon is-disabled filter-button filter-button-selected root-116"
              data-is-focusable="false"
              disabled=""
              id="filter-components"
              tabindex="-1"
              title="Filter Components"
              type="button"
            >
              <span
                class="ms-Button-flexContainer flexContainer-117"
                data-automationid="splitbuttonprimary"
              >
                <i
                  aria-hidden="true"
                  class="ms-Icon root-105 ms-Button-icon icon-119"
                  data-icon-name="IdTag"
                />
              </span>
            </button>
          </div>
        </div>
      </div>
    </div>
     
  </div>
</div>
`;
