// Jest Snapshot v1, https://goo.gl/fbAQLP

exports[`<GuidedAnswerNode /> Should render a GuidedAnswerNode component 1`] = `
<div
  aria-hidden="true"
>
  <section
    class="guided-answer__node__body"
  >
    <div
      class="column"
      id="left"
    />
    <div
      class="column"
      id="middle"
    >
      <div
        class="body_container"
      >
        <header>
          SAP Fiori Tools
        </header>
        <div
          id="hr"
        />
        <div
          class="ms-FocusZone css-109"
          data-focuszone-id="FocusZone0"
        >
          <p>
            SAP Fiori Tools is a set of extensions for SAP Business Application Studio and Visual Studio Code 
            <button
              class="enhancement-link"
              tabindex="0"
              title="Run command to archive a Fiori tools project from current workspace"
            >
              Fiori: Archive Project
            </button>
          </p>
        </div>
        <p
          class="guided-answer__node__question"
        >
          I have a problem with
        </p>
      </div>
      <div
        class="ms-FocusZone css-109"
        data-focuszone-id="FocusZone1"
        role="listbox"
      >
        <div
          class="guided-answer__node"
        >
          <button
            class="guided-answer__node__edge"
            data-testid="edge_button"
            role="option"
            tabindex="0"
          >
            Deployment
          </button>
          <button
            class="guided-answer__node__edge"
            data-testid="edge_button"
            role="option"
            tabindex="-1"
          >
            Fiori Generator
          </button>
        </div>
      </div>
      <span
        class="ms-layer"
      />
      <span
        class="ms-layer"
      />
    </div>
  </section>
</div>
`;

exports[`<GuidedAnswerNode /> Should render a GuidedAnswerNode empty component because the activeGuidedAnswerNode array is empty 1`] = `<div />`;
