// Jest Snapshot v1, https://goo.gl/fbAQLP

exports[`<GuidedAnswerNavPath /> Should render a GuidedAnswerNavPath component: <nav class="container"><div class="timeline-block"><div class="timeline-content timeline-content-bottom-border"><div class="timeline__path" title="SAP Fiori Tools"><span class="timeline-content-title-small bold-text">1</span><span class="timeline-content-title-large bold-text">SAP Fiori Tools</span></div></div></div></nav> 1`] = `"<nav class=\\"container\\"><div class=\\"timeline-block\\"><div class=\\"timeline-content timeline-content-bottom-border\\"><div class=\\"timeline__path\\" title=\\"SAP Fiori Tools\\"><span class=\\"timeline-content-title-small bold-text\\">1</span><span class=\\"timeline-content-title-large bold-text\\">SAP Fiori Tools</span></div></div></div></nav>"`;
