// Jest Snapshot v1, https://goo.gl/fbAQLP

exports[`<UIToggle /> Styles - default 1`] = `
Object {
  "field": Array [
    Object {
      "backgroundColor": "var(--vscode-input-background)",
      "boxSizing": "border-box",
      "color": "var(--vscode-input-foreground)",
      "fontSize": "13px",
      "fontWeight": "normal",
      "height": 24,
      "lineHeight": "normal",
      "maxHeight": 24,
      "minHeight": 24,
      "selectors": Object {
        "::placeholder": Object {
          "color": "var(--vscode-input-placeholderForeground)",
          "fontFamily": "var(--vscode-font-family)",
          "fontSize": 13,
        },
      },
    },
    undefined,
    undefined,
    undefined,
  ],
  "fieldGroup": Array [
    Object {
      "backgroundColor": "var(--vscode-input-background)",
      "border": "1px solid var(--vscode-editorWidget-border)",
      "borderRadius": 0,
      "boxSizing": "initial",
      "height": 24,
      "maxHeight": 24,
      "minHeight": 24,
      "selectors": Object {
        "&:hover": Object {
          "border": "1px solid var(--vscode-focusBorder)",
        },
      },
    },
    undefined,
    undefined,
    undefined,
  ],
  "icon": Array [
    Object {
      "bottom": 2,
    },
  ],
  "root": Object {
    "fontFamily": "var(--vscode-font-family)",
    "height": "auto",
  },
  "subComponentStyles": Object {
    "label": Object {
      "root": Array [
        Object {
          "marginTop": 25,
        },
        undefined,
        undefined,
      ],
    },
  },
  "suffix": Object {
    "backgroundColor": "var(--vscode-input-background)",
  },
}
`;
