// Jest Snapshot v1, https://goo.gl/fbAQLP

exports[`<QuickFilters /> Should render QuickFilters component 1`] = `
<div>
  <div>
    <h3
      class="guided-answer__home-grid__section__title"
    >
      <i
        aria-hidden="true"
        class="ts-icon root-105"
        data-icon-name="Filter"
      />
      <span>
        Quick Filters
      </span>
    </h3>
    <div
      class="ms-FocusZone css-109"
      data-focuszone-id="FocusZone0"
    >
      <ul
        class="guided-answer__home-grid__section__list"
        role="listbox"
      >
        <li
          class="guided-answer__quick-filter"
        >
          <button
            tabindex="0"
          >
            <div>
              Product: 
              <strong>
                product 1
              </strong>
            </div>
            <div>
              Component: 
              <strong>
                component 1
              </strong>
            </div>
          </button>
        </li>
      </ul>
    </div>
  </div>
</div>
`;
